2026-07-18 14:53:41.553 | SUCCESS  | backend.main:startup:13 - CreatorLens API started successfully.
2026-07-18 14:57:29.216 | SUCCESS  | backend.main:startup:13 - CreatorLens API started successfully.
2026-07-18 15:07:43.561 | SUCCESS  | backend.main:startup:13 - CreatorLens API started successfully.
2026-07-18 15:08:11.711 | SUCCESS  | backend.main:startup:13 - CreatorLens API started successfully.
2026-07-18 15:08:28.712 | SUCCESS  | backend.main:startup:13 - CreatorLens API started successfully.
2026-07-18 15:11:23.336 | SUCCESS  | backend.main:startup:13 - CreatorLens API started successfully.
2026-07-18 15:12:31.807 | SUCCESS  | backend.main:startup:13 - CreatorLens API started successfully.
2026-07-18 15:13:17.864 | SUCCESS  | backend.main:startup:13 - CreatorLens API started successfully.
2026-07-18 15:13:28.977 | SUCCESS  | backend.main:startup:13 - CreatorLens API started successfully.
2026-07-18 15:13:30.234 | SUCCESS  | backend.main:startup:13 - CreatorLens API started successfully.
2026-07-18 15:13:32.531 | SUCCESS  | backend.main:startup:13 - CreatorLens API started successfully.
2026-07-18 15:13:40.364 | SUCCESS  | backend.main:startup:13 - CreatorLens API started successfully.
2026-07-18 15:13:42.974 | SUCCESS  | backend.main:startup:13 - CreatorLens API started successfully.
2026-07-18 15:13:44.261 | SUCCESS  | backend.main:startup:13 - CreatorLens API started successfully.
2026-07-18 15:13:47.233 | SUCCESS  | backend.main:startup:13 - CreatorLens API started successfully.
2026-07-18 15:13:56.449 | SUCCESS  | backend.main:startup:13 - CreatorLens API started successfully.
2026-07-18 15:14:04.473 | SUCCESS  | backend.main:startup:13 - CreatorLens API started successfully.
2026-07-18 15:14:15.048 | SUCCESS  | backend.main:startup:13 - CreatorLens API started successfully.
2026-07-18 15:14:16.801 | SUCCESS  | backend.main:startup:13 - CreatorLens API started successfully.
2026-07-18 15:14:20.574 | SUCCESS  | backend.main:startup:13 - CreatorLens API started successfully.
2026-07-18 15:14:23.160 | SUCCESS  | backend.main:startup:13 - CreatorLens API started successfully.
2026-07-18 15:14:27.883 | SUCCESS  | backend.main:startup:13 - CreatorLens API started successfully.
2026-07-18 15:14:30.606 | SUCCESS  | backend.main:startup:13 - CreatorLens API started successfully.
2026-07-18 15:14:33.760 | SUCCESS  | backend.main:startup:13 - CreatorLens API started successfully.
2026-07-18 15:27:11.623 | SUCCESS  | backend.main:startup:13 - CreatorLens API started successfully.
2026-07-18 15:27:20.067 | SUCCESS  | backend.main:startup:13 - CreatorLens API started successfully.
2026-07-18 15:27:25.241 | SUCCESS  | backend.main:startup:13 - CreatorLens API started successfully.
2026-07-18 15:27:26.567 | SUCCESS  | backend.main:startup:13 - CreatorLens API started successfully.
2026-07-18 15:27:28.222 | SUCCESS  | backend.main:startup:13 - CreatorLens API started successfully.
2026-07-18 15:27:30.846 | SUCCESS  | backend.main:startup:13 - CreatorLens API started successfully.
2026-07-18 15:27:32.915 | SUCCESS  | backend.main:startup:13 - CreatorLens API started successfully.
2026-07-18 15:27:45.411 | SUCCESS  | backend.main:startup:13 - CreatorLens API started successfully.
2026-07-18 15:27:48.291 | SUCCESS  | backend.main:startup:13 - CreatorLens API started successfully.
2026-07-18 15:27:50.790 | SUCCESS  | backend.main:startup:13 - CreatorLens API started successfully.
2026-07-18 15:27:57.303 | SUCCESS  | backend.main:startup:13 - CreatorLens API started successfully.
2026-07-18 15:28:01.005 | SUCCESS  | backend.main:startup:13 - CreatorLens API started successfully.
2026-07-18 15:28:04.728 | SUCCESS  | backend.main:startup:13 - CreatorLens API started successfully.
2026-07-18 15:28:06.225 | SUCCESS  | backend.main:startup:13 - CreatorLens API started successfully.
2026-07-18 15:28:25.186 | SUCCESS  | backend.main:startup:13 - CreatorLens API started successfully.
2026-07-18 15:28:27.150 | SUCCESS  | backend.main:startup:13 - CreatorLens API started successfully.
2026-07-18 15:28:31.778 | SUCCESS  | backend.main:startup:13 - CreatorLens API started successfully.
2026-07-18 15:28:38.061 | SUCCESS  | backend.main:startup:13 - CreatorLens API started successfully.
2026-07-18 15:28:40.922 | SUCCESS  | backend.main:startup:13 - CreatorLens API started successfully.
2026-07-18 15:28:48.511 | SUCCESS  | backend.main:startup:13 - CreatorLens API started successfully.
2026-07-18 15:28:50.514 | SUCCESS  | backend.main:startup:13 - CreatorLens API started successfully.
2026-07-18 15:28:52.379 | SUCCESS  | backend.main:startup:13 - CreatorLens API started successfully.
2026-07-18 15:29:00.654 | SUCCESS  | backend.main:startup:13 - CreatorLens API started successfully.
2026-07-18 15:29:03.029 | SUCCESS  | backend.main:startup:13 - CreatorLens API started successfully.
2026-07-18 15:29:04.442 | SUCCESS  | backend.main:startup:13 - CreatorLens API started successfully.
2026-07-18 15:29:05.930 | SUCCESS  | backend.main:startup:13 - CreatorLens API started successfully.
2026-07-18 15:29:09.156 | SUCCESS  | backend.main:startup:13 - CreatorLens API started successfully.
2026-07-18 15:29:19.265 | SUCCESS  | backend.main:startup:13 - CreatorLens API started successfully.
2026-07-18 15:29:23.893 | SUCCESS  | backend.main:startup:13 - CreatorLens API started successfully.
2026-07-18 15:29:25.640 | SUCCESS  | backend.main:startup:13 - CreatorLens API started successfully.
2026-07-18 15:29:34.649 | SUCCESS  | backend.main:startup:13 - CreatorLens API started successfully.
2026-07-18 15:29:43.221 | SUCCESS  | backend.main:startup:13 - CreatorLens API started successfully.
2026-07-18 15:29:50.238 | SUCCESS  | backend.main:startup:13 - CreatorLens API started successfully.
2026-07-18 15:29:51.620 | SUCCESS  | backend.main:startup:13 - CreatorLens API started successfully.
2026-07-18 15:29:52.927 | SUCCESS  | backend.main:startup:13 - CreatorLens API started successfully.
2026-07-18 15:30:00.128 | SUCCESS  | backend.main:startup:13 - CreatorLens API started successfully.
2026-07-18 15:30:10.199 | SUCCESS  | backend.main:startup:13 - CreatorLens API started successfully.
2026-07-18 15:30:18.619 | SUCCESS  | backend.main:startup:13 - CreatorLens API started successfully.
2026-07-18 15:30:21.357 | SUCCESS  | backend.main:startup:13 - CreatorLens API started successfully.
2026-07-18 15:30:26.664 | SUCCESS  | backend.main:startup:13 - CreatorLens API started successfully.
2026-07-18 15:30:28.072 | SUCCESS  | backend.main:startup:13 - CreatorLens API started successfully.
2026-07-18 15:30:32.340 | SUCCESS  | backend.main:startup:13 - CreatorLens API started successfully.
2026-07-18 15:30:45.097 | SUCCESS  | backend.main:startup:13 - CreatorLens API started successfully.
2026-07-18 15:31:18.007 | SUCCESS  | backend.main:startup:13 - CreatorLens API started successfully.
2026-07-18 15:31:25.382 | SUCCESS  | backend.main:startup:13 - CreatorLens API started successfully.
2026-07-18 15:31:43.993 | SUCCESS  | backend.main:startup:13 - CreatorLens API started successfully.
2026-07-18 15:31:46.011 | SUCCESS  | backend.main:startup:13 - CreatorLens API started successfully.
2026-07-18 15:31:54.506 | SUCCESS  | backend.main:startup:13 - CreatorLens API started successfully.
2026-07-18 15:31:56.287 | SUCCESS  | backend.main:startup:13 - CreatorLens API started successfully.
2026-07-18 15:31:59.218 | SUCCESS  | backend.main:startup:13 - CreatorLens API started successfully.
2026-07-18 15:32:00.287 | SUCCESS  | backend.main:startup:13 - CreatorLens API started successfully.
2026-07-18 15:32:01.434 | SUCCESS  | backend.main:startup:13 - CreatorLens API started successfully.
2026-07-18 15:32:04.055 | SUCCESS  | backend.main:startup:13 - CreatorLens API started successfully.
2026-07-18 15:32:11.559 | SUCCESS  | backend.main:startup:13 - CreatorLens API started successfully.
2026-07-18 15:32:16.577 | SUCCESS  | backend.main:startup:13 - CreatorLens API started successfully.
2026-07-18 15:32:18.360 | SUCCESS  | backend.main:startup:13 - CreatorLens API started successfully.
2026-07-18 15:32:53.078 | SUCCESS  | backend.main:startup:13 - CreatorLens API started successfully.
2026-07-18 15:33:01.841 | SUCCESS  | backend.main:startup:13 - CreatorLens API started successfully.
2026-07-18 15:33:03.302 | SUCCESS  | backend.main:startup:13 - CreatorLens API started successfully.
2026-07-18 15:33:15.699 | SUCCESS  | backend.main:startup:13 - CreatorLens API started successfully.
2026-07-18 15:33:29.407 | SUCCESS  | backend.main:startup:13 - CreatorLens API started successfully.
2026-07-18 15:33:33.371 | SUCCESS  | backend.main:startup:13 - CreatorLens API started successfully.
2026-07-18 15:33:47.656 | SUCCESS  | backend.main:startup:13 - CreatorLens API started successfully.
2026-07-18 15:33:50.216 | SUCCESS  | backend.main:startup:13 - CreatorLens API started successfully.
2026-07-18 15:33:59.429 | SUCCESS  | backend.main:startup:13 - CreatorLens API started successfully.
2026-07-18 15:34:08.463 | SUCCESS  | backend.main:startup:13 - CreatorLens API started successfully.
2026-07-18 15:34:10.500 | SUCCESS  | backend.main:startup:13 - CreatorLens API started successfully.
2026-07-18 15:34:23.889 | SUCCESS  | backend.main:startup:13 - CreatorLens API started successfully.
2026-07-18 15:34:32.406 | SUCCESS  | backend.main:startup:13 - CreatorLens API started successfully.
2026-07-18 15:34:40.392 | SUCCESS  | backend.main:startup:13 - CreatorLens API started successfully.
2026-07-18 15:34:47.011 | SUCCESS  | backend.main:startup:13 - CreatorLens API started successfully.
2026-07-18 15:34:50.951 | SUCCESS  | backend.main:startup:13 - CreatorLens API started successfully.
2026-07-18 15:35:02.699 | SUCCESS  | backend.main:startup:13 - CreatorLens API started successfully.
2026-07-18 15:35:07.640 | SUCCESS  | backend.main:startup:13 - CreatorLens API started successfully.
2026-07-18 15:35:30.814 | SUCCESS  | backend.main:startup:13 - CreatorLens API started successfully.
2026-07-18 15:35:35.187 | SUCCESS  | backend.main:startup:13 - CreatorLens API started successfully.
2026-07-18 15:36:16.801 | SUCCESS  | backend.main:startup:13 - CreatorLens API started successfully.
2026-07-18 15:36:31.048 | SUCCESS  | backend.main:startup:13 - CreatorLens API started successfully.
2026-07-18 15:36:38.784 | SUCCESS  | backend.main:startup:13 - CreatorLens API started successfully.
2026-07-18 15:36:40.781 | SUCCESS  | backend.main:startup:13 - CreatorLens API started successfully.
2026-07-18 15:36:43.233 | SUCCESS  | backend.main:startup:13 - CreatorLens API started successfully.
2026-07-18 15:36:44.696 | SUCCESS  | backend.main:startup:13 - CreatorLens API started successfully.
2026-07-18 15:41:54.267 | SUCCESS  | backend.main:startup:14 - CreatorLens API started successfully.
2026-07-18 15:41:58.144 | SUCCESS  | backend.main:startup:14 - CreatorLens API started successfully.
2026-07-18 15:43:19.636 | SUCCESS  | backend.main:startup:14 - CreatorLens API started successfully.
2026-07-18 17:54:30.106 | SUCCESS  | backend.main:startup:16 - CreatorLens API started successfully.
2026-07-18 17:57:00.860 | SUCCESS  | backend.main:startup:19 - CreatorLens AI started successfully.
2026-07-18 17:57:04.301 | SUCCESS  | backend.main:startup:18 - CreatorLens AI started successfully.
2026-07-18 17:57:11.117 | SUCCESS  | backend.main:startup:18 - CreatorLens AI started successfully.
2026-07-18 17:57:14.505 | SUCCESS  | backend.main:startup:18 - CreatorLens AI started successfully.
2026-07-18 17:57:17.464 | SUCCESS  | backend.main:startup:18 - CreatorLens AI started successfully.
2026-07-18 17:57:29.249 | SUCCESS  | backend.main:startup:18 - CreatorLens AI started successfully.
2026-07-18 17:57:30.706 | SUCCESS  | backend.main:startup:18 - CreatorLens AI started successfully.
2026-07-18 17:57:40.056 | SUCCESS  | backend.main:startup:17 - CreatorLens AI started successfully.
2026-07-18 17:57:49.619 | SUCCESS  | backend.main:startup:17 - CreatorLens AI started successfully.
2026-07-18 17:57:53.820 | SUCCESS  | backend.main:startup:17 - CreatorLens AI started successfully.
2026-07-18 17:59:44.848 | SUCCESS  | backend.main:startup:17 - CreatorLens AI started successfully.
2026-07-18 22:47:35.926 | SUCCESS  | backend.main:startup:17 - CreatorLens AI started successfully.
2026-07-19 00:07:43.100 | SUCCESS  | backend.main:startup:17 - CreatorLens AI started successfully.
2026-07-20 00:38:48.508 | SUCCESS  | backend.main:startup:17 - CreatorLens AI started successfully.
2026-07-20 00:39:51.822 | SUCCESS  | backend.main:startup:17 - CreatorLens AI started successfully.
2026-07-20 00:40:42.458 | SUCCESS  | backend.main:startup:17 - CreatorLens AI started successfully.
2026-07-20 00:40:45.400 | SUCCESS  | backend.main:startup:17 - CreatorLens AI started successfully.
2026-07-20 00:41:06.074 | SUCCESS  | backend.main:startup:18 - CreatorLens AI started successfully.
2026-07-20 15:01:09.772 | SUCCESS  | backend.main:startup:18 - CreatorLens AI started successfully.
2026-07-20 15:01:11.554 | SUCCESS  | backend.main:startup:19 - CreatorLens AI started successfully.
2026-07-20 15:01:13.912 | SUCCESS  | backend.main:startup:20 - CreatorLens AI started successfully.
2026-07-20 15:01:28.908 | SUCCESS  | backend.main:startup:20 - CreatorLens AI started successfully.
2026-07-20 15:01:38.825 | SUCCESS  | backend.main:startup:22 - CreatorLens AI started successfully.
2026-07-20 15:01:40.232 | SUCCESS  | backend.main:startup:22 - CreatorLens AI started successfully.
2026-07-20 15:19:08.003 | SUCCESS  | backend.main:startup:28 - CreatorLens AI started successfully.
2026-07-20 15:19:22.296 | SUCCESS  | backend.main:startup:28 - CreatorLens AI started successfully.
2026-07-20 15:19:46.231 | INFO     | backend.main:ping:52 - Ping request received.
2026-07-20 15:27:09.435 | SUCCESS  | backend.main:startup:28 - CreatorLens AI started successfully.
2026-07-23 18:21:22.403 | SUCCESS  | backend.main:startup:29 - CreatorLens AI started successfully.
2026-07-23 18:22:26.472 | ERROR    | backend.src.services.URLValidateService:validate_url:12 - Url is not correct unable to get video information
2026-07-23 18:22:57.505 | SUCCESS  | backend.main:startup:29 - CreatorLens AI started successfully.
2026-07-23 18:23:04.464 | SUCCESS  | backend.main:startup:29 - CreatorLens AI started successfully.
2026-07-23 18:23:10.719 | SUCCESS  | backend.main:startup:29 - CreatorLens AI started successfully.
2026-07-23 18:23:20.242 | INFO     | backend.src.services.URLValidateService:validate_url:6 - Validating URL: http://www.youtube.com/watch?v=lSPHucggmLo
2026-07-23 18:23:20.430 | ERROR    | backend.src.services.URLValidateService:validate_url:13 - Url is not correct unable to get video information
2026-07-23 18:23:50.655 | SUCCESS  | backend.main:startup:29 - CreatorLens AI started successfully.
2026-07-23 18:23:53.170 | SUCCESS  | backend.main:startup:29 - CreatorLens AI started successfully.
2026-07-23 18:24:06.677 | SUCCESS  | backend.main:startup:29 - CreatorLens AI started successfully.
2026-07-23 18:24:16.444 | SUCCESS  | backend.main:startup:29 - CreatorLens AI started successfully.
2026-07-23 18:24:18.961 | SUCCESS  | backend.main:startup:29 - CreatorLens AI started successfully.
2026-07-23 18:24:24.041 | INFO     | backend.src.services.URLValidateService:validate_url:6 - Validating URL: http://www.youtube.com/watch?v=lSPHucggmLo
2026-07-23 18:24:24.207 | INFO     | backend.src.services.URLValidateService:validate_url:9 - Extracting video information...: <yt_dlp.YoutubeDL.YoutubeDL object at 0x000001C6BCA9CA10>
2026-07-23 18:24:24.209 | ERROR    | backend.src.services.URLValidateService:validate_url:14 - Url is not correct unable to get video information
2026-07-23 18:27:42.446 | SUCCESS  | backend.main:startup:29 - CreatorLens AI started successfully.
2026-07-23 18:28:25.222 | INFO     | backend.src.services.URLValidateService:validate_url:6 - Validating URL: https://www.youtube.com/watch?v=dQw4w9WgXcQ
2026-07-23 18:28:26.013 | INFO     | backend.src.services.URLValidateService:validate_url:9 - Extracting video information...: <yt_dlp.YoutubeDL.YoutubeDL object at 0x0000012A5CBB4650>
2026-07-23 18:28:26.013 | ERROR    | backend.src.services.URLValidateService:validate_url:14 - Url is not correct unable to get video information
2026-07-23 18:30:33.193 | SUCCESS  | backend.main:startup:29 - CreatorLens AI started successfully.
2026-07-23 18:30:46.273 | INFO     | backend.src.services.URLValidateService:validate_url:6 - Validating URL: https://www.youtube.com/watch?v=dQw4w9WgXcQ
2026-07-23 18:30:46.427 | INFO     | backend.src.services.URLValidateService:validate_url:9 - Extracting video information...: <yt_dlp.YoutubeDL.YoutubeDL object at 0x000002306A13CB90>
2026-07-23 18:30:46.427 | ERROR    | backend.src.services.URLValidateService:validate_url:14 - yt-dlp error: expected string or bytes-like object, got 'HttpUrl'
2026-07-23 19:27:49.582 | SUCCESS  | backend.main:startup:29 - CreatorLens AI started successfully.
2026-07-23 19:28:05.044 | SUCCESS  | backend.main:startup:29 - CreatorLens AI started successfully.
2026-07-23 19:28:11.925 | SUCCESS  | backend.main:startup:29 - CreatorLens AI started successfully.
2026-07-23 19:28:26.346 | SUCCESS  | backend.main:startup:29 - CreatorLens AI started successfully.
2026-07-23 19:28:31.660 | SUCCESS  | backend.main:startup:29 - CreatorLens AI started successfully.
2026-07-23 19:28:37.364 | INFO     | backend.src.services.URLValidateService:validate_url:6 - Validating URL: https://www.youtube.com/watch?v=dQw4w9WgXcQ
2026-07-23 19:28:37.911 | INFO     | backend.src.services.URLValidateService:validate_url:9 - Extracting video information...: <yt_dlp.YoutubeDL.YoutubeDL object at 0x000002ADBE8F9B50>
2026-07-23 19:28:37.912 | ERROR    | backend.src.services.URLValidateService:validate_url:14 - yt-dlp error: expected string or bytes-like object, got 'HttpUrl'
2026-07-23 19:29:06.357 | SUCCESS  | backend.main:startup:29 - CreatorLens AI started successfully.
2026-07-23 19:29:09.632 | SUCCESS  | backend.main:startup:29 - CreatorLens AI started successfully.
2026-07-23 19:30:18.412 | INFO     | backend.src.services.URLValidateService:validate_url:6 - Validating URL: https://www.youtube.com/watch?v=dQw4w9WgXcQ
2026-07-23 19:30:18.624 | INFO     | backend.src.services.URLValidateService:validate_url:9 - Extracting video information...: <yt_dlp.YoutubeDL.YoutubeDL object at 0x0000024D07237F90>
2026-07-23 19:30:57.083 | SUCCESS  | backend.main:startup:29 - CreatorLens AI started successfully.
2026-07-23 19:31:00.117 | INFO     | backend.src.services.URLValidateService:validate_url:6 - Validating URL: https://www.youtube.com/watch?v=dQw4w9WgXcQ
2026-07-23 19:31:00.353 | INFO     | backend.src.services.URLValidateService:validate_url:9 - Extracting video information...: <yt_dlp.YoutubeDL.YoutubeDL object at 0x0000022442357B90>
2026-07-23 19:35:04.752 | SUCCESS  | backend.main:startup:29 - CreatorLens AI started successfully.
2026-07-23 19:36:01.057 | INFO     | backend.src.services.URLValidateService:validate_url:6 - Validating URL: https://www.youtube.com/watch?v=dQw4w9WgXcQ
2026-07-23 19:36:01.249 | INFO     | backend.src.services.URLValidateService:validate_url:9 - Extracting video information...: <yt_dlp.YoutubeDL.YoutubeDL object at 0x0000024337EC8950>
2026-07-23 19:36:47.199 | SUCCESS  | backend.main:startup:29 - CreatorLens AI started successfully.
2026-07-23 19:36:50.628 | INFO     | backend.src.services.URLValidateService:validate_url:6 - Validating URL: https://www.youtube.com/watch?v=dQw4w9WgXcQ
2026-07-23 19:36:50.894 | INFO     | backend.src.services.URLValidateService:validate_url:9 - Extracting video information...: <yt_dlp.YoutubeDL.YoutubeDL object at 0x0000016043147BD0>
2026-07-23 19:37:21.521 | SUCCESS  | backend.main:startup:29 - CreatorLens AI started successfully.
2026-07-23 19:37:28.830 | SUCCESS  | backend.main:startup:29 - CreatorLens AI started successfully.
2026-07-23 19:37:32.129 | SUCCESS  | backend.main:startup:29 - CreatorLens AI started successfully.
2026-07-23 19:37:33.630 | INFO     | backend.src.services.URLValidateService:validate_url:6 - Validating URL: https://www.youtube.com/watch?v=dQw4w9WgXcQ
2026-07-23 19:37:33.809 | INFO     | backend.src.services.URLValidateService:validate_url:9 - Extracting video information...: <yt_dlp.YoutubeDL.YoutubeDL object at 0x000001ECC4AB7AD0>
2026-07-23 19:37:38.041 | INFO     | backend.src.services.URLValidateService:validate_url:13 - Video information extracted successfully: dict_keys(['id', 'title', 'formats', 'thumbnails', 'thumbnail', 'description', 'channel_id', 'channel_url', 'duration', 'view_count', 'average_rating', 'age_limit', 'webpage_url', 'categories', 'tags', 'playable_in_embed', 'live_status', 'media_type', 'release_timestamp', '_format_sort_fields', 'automatic_captions', 'subtitles', 'comment_count', 'chapters', 'heatmap', 'like_count', 'channel', 'channel_follower_count', 'creators', 'channel_is_verified', 'uploader', 'uploader_id', 'uploader_url', 'upload_date', 'timestamp', 'availability', 'original_url', 'webpage_url_basename', 'webpage_url_domain', 'extractor', 'extractor_key', 'playlist', 'playlist_index', 'display_id', 'fulltitle', 'duration_string', 'release_year', 'is_live', 'was_live', 'requested_subtitles', '_has_drm', 'epoch', 'requested_formats', 'format', 'format_id', 'ext', 'protocol', 'language', 'format_note', 'filesize_approx', 'tbr', 'width', 'height', 'resolution', 'fps', 'dynamic_range', 'vcodec', 'vbr', 'stretched_ratio', 'aspect_ratio', 'acodec', 'abr', 'asr', 'audio_channels'])
2026-07-23 19:46:31.238 | SUCCESS  | backend.main:startup:29 - CreatorLens AI started successfully.
2026-07-23 19:47:05.729 | SUCCESS  | backend.main:startup:29 - CreatorLens AI started successfully.
2026-07-23 19:57:18.733 | SUCCESS  | backend.main:startup:29 - CreatorLens AI started successfully.
2026-07-23 19:58:35.700 | INFO     | backend.src.services.URLValidateService:validate_url:6 - Validating URL: https://www.youtube.com/watch?v=dQw4w9WgXcQ
2026-07-23 19:58:36.536 | INFO     | backend.src.services.URLValidateService:validate_url:9 - Extracting video information...: <yt_dlp.YoutubeDL.YoutubeDL object at 0x0000020F4FB07C90>
2026-07-23 19:58:45.533 | INFO     | backend.src.services.URLValidateService:validate_url:13 - Video information extracted successfully: N/A
2026-07-23 20:01:38.957 | SUCCESS  | backend.main:startup:29 - CreatorLens AI started successfully.
2026-07-23 20:02:33.306 | SUCCESS  | backend.main:startup:29 - CreatorLens AI started successfully.
2026-07-23 20:02:42.520 | SUCCESS  | backend.main:startup:29 - CreatorLens AI started successfully.
2026-07-23 20:02:45.954 | SUCCESS  | backend.main:startup:29 - CreatorLens AI started successfully.
2026-07-23 20:03:02.254 | INFO     | backend.src.services.URLValidateService:validate_url:8 - Validating URL: https://www.youtube.com/watch?v=dQw4w9WgXcQ
2026-07-23 20:03:02.727 | INFO     | backend.src.services.URLValidateService:validate_url:11 - Extracting video information...: <yt_dlp.YoutubeDL.YoutubeDL object at 0x000001AECC168D50>
2026-07-23 20:03:07.013 | INFO     | backend.src.services.URLValidateService:validate_url:15 - Video information extracted successfully: N/A
2026-07-23 20:07:40.185 | SUCCESS  | backend.main:startup:29 - CreatorLens AI started successfully.
2026-07-23 20:07:42.410 | SUCCESS  | backend.main:startup:29 - CreatorLens AI started successfully.
2026-07-23 20:07:47.409 | INFO     | backend.src.services.URLValidateService:validate_url:8 - Validating URL: https://www.youtube.com/watch?v=dQw4w9WgXcQ
2026-07-23 20:07:47.526 | INFO     | backend.src.services.URLValidateService:validate_url:11 - Extracting video information...: <yt_dlp.YoutubeDL.YoutubeDL object at 0x0000029CFCA7C050>
2026-07-23 20:07:50.473 | INFO     | backend.src.services.URLValidateService:validate_url:15 - Video information extracted successfully: N/A
2026-07-23 20:09:04.951 | INFO     | backend.src.services.URLValidateService:validate_url:8 - Validating URL: https://www.youtube.com/watch?v=JGwWNGJdvx8
2026-07-23 20:09:05.012 | INFO     | backend.src.services.URLValidateService:validate_url:11 - Extracting video information...: <yt_dlp.YoutubeDL.YoutubeDL object at 0x0000029CFC76BD50>
2026-07-23 20:09:08.379 | INFO     | backend.src.services.URLValidateService:validate_url:15 - Video information extracted successfully: N/A
2026-07-23 20:10:30.866 | INFO     | backend.src.services.URLValidateService:validate_url:8 - Validating URL: https://youtu.be/dQw4w9WgXcQ
2026-07-23 20:10:30.993 | INFO     | backend.src.services.URLValidateService:validate_url:11 - Extracting video information...: <yt_dlp.YoutubeDL.YoutubeDL object at 0x0000029CFCD48790>
2026-07-23 20:10:33.514 | INFO     | backend.src.services.URLValidateService:validate_url:15 - Video information extracted successfully: N/A
2026-07-23 20:11:33.648 | INFO     | backend.src.services.URLValidateService:validate_url:8 - Validating URL: https://www.youtube.com/watch?v=aaaaaaaaaaa
2026-07-23 20:11:33.734 | INFO     | backend.src.services.URLValidateService:validate_url:11 - Extracting video information...: <yt_dlp.YoutubeDL.YoutubeDL object at 0x0000029CFD4065D0>
2026-07-23 20:11:35.390 | ERROR    | backend.src.services.URLValidateService:validate_url:31 - yt-dlp error: [0;31mERROR:[0m [youtube] aaaaaaaaaaa: Video unavailable
2026-07-23 20:12:21.930 | INFO     | backend.src.services.URLValidateService:validate_url:8 - Validating URL: https://www.youtube.com/watch?v=JGwWNGJdvx8
2026-07-23 20:12:22.024 | INFO     | backend.src.services.URLValidateService:validate_url:11 - Extracting video information...: <yt_dlp.YoutubeDL.YoutubeDL object at 0x0000029CFCACEED0>
2026-07-23 20:12:25.552 | INFO     | backend.src.services.URLValidateService:validate_url:15 - Video information extracted successfully: N/A
2026-07-23 20:22:03.504 | INFO     | backend.src.services.URLValidateService:validate_url:8 - Validating URL: https://www.youtube.com/channel/UC0C-w0YjGpqDXGB8IHb662A
2026-07-23 20:22:03.749 | INFO     | backend.src.services.URLValidateService:validate_url:11 - Extracting video information...: <yt_dlp.YoutubeDL.YoutubeDL object at 0x0000029CFD3DFA90>
2026-07-23 20:40:12.532 | ERROR    | backend.src.services.URLValidateService:validate_url:31 - yt-dlp error: [0;31mERROR:[0m [youtube] v4GIfNf7AYk: This content isn't available, try again later. The current session has been rate-limited by YouTube for up to an hour. It is recommended to use `-t sleep` to add a delay between video requests to avoid exceeding the rate limit. For more information, refer to  https://github.com/yt-dlp/yt-dlp/wiki/Extractors#this-content-isnt-available-try-again-later
2026-07-23 20:52:03.095 | SUCCESS  | backend.main:startup:29 - CreatorLens AI started successfully.
2026-07-23 20:52:29.005 | INFO     | backend.src.services.URLValidateService:validate_url:8 - Validating URL: https://www.youtube.com/watch?v=W0DM5lcj6mw
2026-07-23 20:52:29.458 | INFO     | backend.src.services.URLValidateService:validate_url:11 - Extracting video information...: <yt_dlp.YoutubeDL.YoutubeDL object at 0x00000229101F85D0>
2026-07-23 20:52:37.350 | INFO     | backend.src.services.URLValidateService:validate_url:16 - Video information extracted successfully: N/A
2026-07-23 20:55:05.409 | SUCCESS  | backend.main:startup:29 - CreatorLens AI started successfully.
2026-07-23 20:55:09.807 | SUCCESS  | backend.main:startup:29 - CreatorLens AI started successfully.
2026-07-23 20:55:14.232 | SUCCESS  | backend.main:startup:29 - CreatorLens AI started successfully.
2026-07-23 20:59:13.265 | SUCCESS  | backend.main:startup:29 - CreatorLens AI started successfully.
2026-07-23 20:59:26.177 | SUCCESS  | backend.main:startup:29 - CreatorLens AI started successfully.
2026-07-23 20:59:28.855 | SUCCESS  | backend.main:startup:29 - CreatorLens AI started successfully.
2026-07-23 20:59:38.241 | SUCCESS  | backend.main:startup:29 - CreatorLens AI started successfully.
2026-07-23 20:59:49.424 | SUCCESS  | backend.main:startup:29 - CreatorLens AI started successfully.
2026-07-23 20:59:53.736 | SUCCESS  | backend.main:startup:29 - CreatorLens AI started successfully.
2026-07-23 20:59:57.194 | SUCCESS  | backend.main:startup:29 - CreatorLens AI started successfully.
2026-07-23 21:00:10.571 | SUCCESS  | backend.main:startup:29 - CreatorLens AI started successfully.
2026-07-23 21:00:44.159 | SUCCESS  | backend.main:startup:29 - CreatorLens AI started successfully.
2026-07-23 21:00:46.437 | SUCCESS  | backend.main:startup:29 - CreatorLens AI started successfully.
2026-07-23 21:00:58.512 | SUCCESS  | backend.main:startup:29 - CreatorLens AI started successfully.
2026-07-23 21:01:17.594 | SUCCESS  | backend.main:startup:29 - CreatorLens AI started successfully.
2026-07-23 21:01:32.631 | SUCCESS  | backend.main:startup:29 - CreatorLens AI started successfully.
2026-07-23 21:01:36.424 | SUCCESS  | backend.main:startup:29 - CreatorLens AI started successfully.
2026-07-23 21:01:40.996 | SUCCESS  | backend.main:startup:29 - CreatorLens AI started successfully.
2026-07-23 21:01:43.157 | SUCCESS  | backend.main:startup:29 - CreatorLens AI started successfully.
2026-07-23 21:01:53.520 | SUCCESS  | backend.main:startup:29 - CreatorLens AI started successfully.
2026-07-23 21:02:09.309 | SUCCESS  | backend.main:startup:29 - CreatorLens AI started successfully.
2026-07-23 21:02:15.171 | SUCCESS  | backend.main:startup:29 - CreatorLens AI started successfully.
2026-07-23 21:02:17.832 | SUCCESS  | backend.main:startup:29 - CreatorLens AI started successfully.
2026-07-23 21:02:21.359 | SUCCESS  | backend.main:startup:29 - CreatorLens AI started successfully.
2026-07-23 21:02:24.225 | SUCCESS  | backend.main:startup:29 - CreatorLens AI started successfully.
2026-07-23 21:02:41.362 | SUCCESS  | backend.main:startup:29 - CreatorLens AI started successfully.
2026-07-23 21:02:44.030 | SUCCESS  | backend.main:startup:29 - CreatorLens AI started successfully.
2026-07-23 21:03:20.946 | SUCCESS  | backend.main:startup:29 - CreatorLens AI started successfully.
2026-07-23 21:03:27.055 | SUCCESS  | backend.main:startup:29 - CreatorLens AI started successfully.
2026-07-23 21:04:20.875 | SUCCESS  | backend.main:startup:29 - CreatorLens AI started successfully.
2026-07-23 21:04:28.609 | SUCCESS  | backend.main:startup:29 - CreatorLens AI started successfully.
2026-07-23 21:04:33.675 | SUCCESS  | backend.main:startup:29 - CreatorLens AI started successfully.
2026-07-23 21:04:37.399 | SUCCESS  | backend.main:startup:29 - CreatorLens AI started successfully.
2026-07-23 21:04:40.079 | SUCCESS  | backend.main:startup:29 - CreatorLens AI started successfully.
2026-07-23 21:04:52.781 | SUCCESS  | backend.main:startup:29 - CreatorLens AI started successfully.
2026-07-23 21:05:15.683 | SUCCESS  | backend.main:startup:29 - CreatorLens AI started successfully.
2026-07-23 21:05:26.479 | SUCCESS  | backend.main:startup:29 - CreatorLens AI started successfully.
2026-07-23 21:05:30.621 | SUCCESS  | backend.main:startup:29 - CreatorLens AI started successfully.
2026-07-23 21:05:35.577 | SUCCESS  | backend.main:startup:29 - CreatorLens AI started successfully.
2026-07-23 21:05:39.008 | SUCCESS  | backend.main:startup:29 - CreatorLens AI started successfully.
2026-07-23 21:05:42.371 | SUCCESS  | backend.main:startup:29 - CreatorLens AI started successfully.
2026-07-23 21:05:46.254 | SUCCESS  | backend.main:startup:29 - CreatorLens AI started successfully.
2026-07-23 21:05:49.830 | SUCCESS  | backend.main:startup:29 - CreatorLens AI started successfully.
2026-07-23 21:06:06.146 | SUCCESS  | backend.main:startup:29 - CreatorLens AI started successfully.
2026-07-23 21:06:14.382 | INFO     | backend.src.services.URLValidateService:validate_url:8 - Validating URL: https://www.youtube.com/watch?v=W0DM5lcj6mw
2026-07-23 21:06:14.516 | INFO     | backend.src.services.URLValidateService:validate_url:11 - Extracting video information...: <yt_dlp.YoutubeDL.YoutubeDL object at 0x000001EFE8A684D0>
2026-07-23 21:06:19.568 | INFO     | backend.src.services.URLValidateService:validate_url:30 - Video information extracted successfully: N/A
2026-07-23 21:06:46.393 | INFO     | backend.src.services.URLValidateService:validate_url:8 - Validating URL: https://www.youtube.com/channel/UCNqFDjYTexJDET3rPDrmJKg
2026-07-23 21:06:46.462 | INFO     | backend.src.services.URLValidateService:validate_url:11 - Extracting video information...: <yt_dlp.YoutubeDL.YoutubeDL object at 0x000001EFE8A69510>
2026-07-23 21:08:55.700 | SUCCESS  | backend.main:startup:29 - CreatorLens AI started successfully.
2026-07-23 21:09:03.997 | INFO     | backend.src.services.URLValidateService:validate_url:8 - Validating URL: https://www.youtube.com/channel/UCNqFDjYTexJDET3rPDrmJKg
2026-07-23 21:09:04.162 | INFO     | backend.src.services.URLValidateService:validate_url:11 - Extracting video information...: <yt_dlp.YoutubeDL.YoutubeDL object at 0x000001EC40F9C4D0>
2026-07-23 21:15:11.069 | SUCCESS  | backend.main:startup:29 - CreatorLens AI started successfully.
2026-07-23 21:15:35.055 | INFO     | backend.src.services.URLValidateService:validate_url:8 - Validating URL: https://www.youtube.com/channel/UCNqFDjYTexJDET3rPDrmJKg
2026-07-23 21:15:35.200 | INFO     | backend.src.services.URLValidateService:validate_url:16 - Extracting video information...: <yt_dlp.YoutubeDL.YoutubeDL object at 0x000001F329FAC710>
2026-07-23 21:19:31.472 | SUCCESS  | backend.main:startup:29 - CreatorLens AI started successfully.
2026-07-23 21:20:18.432 | INFO     | backend.src.services.URLValidateService:validate_url:8 - Validating URL: https://youtu.be/ALf-fMfznEs?si=LYpGQ7F_ZA7xQB-y
2026-07-23 21:20:18.608 | INFO     | backend.src.services.URLValidateService:validate_url:16 - Extracting video information...: <yt_dlp.YoutubeDL.YoutubeDL object at 0x000001BA76EAC950>
2026-07-23 21:20:21.026 | INFO     | backend.src.services.URLValidateService:validate_url:35 - Video information extracted successfully: N/A
2026-07-23 21:22:20.239 | SUCCESS  | backend.main:startup:29 - CreatorLens AI started successfully.
2026-07-23 21:22:41.113 | INFO     | backend.src.services.URLValidateService:validate_url:8 - Validating URL: https://www.youtube.com/channel/UCnSFZ-olBoLGLRUS_3RI2Aw
2026-07-23 21:22:41.290 | INFO     | backend.src.services.URLValidateService:validate_url:17 - Extracting video information...: <yt_dlp.YoutubeDL.YoutubeDL object at 0x000001A4282B8810>
2026-07-23 21:24:35.033 | SUCCESS  | backend.main:startup:29 - CreatorLens AI started successfully.
2026-07-23 21:24:42.556 | INFO     | backend.src.services.URLValidateService:validate_url:8 - Validating URL: https://www.youtube.com/channel/UCnSFZ-olBoLGLRUS_3RI2Aw
2026-07-23 21:24:42.662 | INFO     | backend.src.services.URLValidateService:validate_url:17 - Extracting video information...: <yt_dlp.YoutubeDL.YoutubeDL object at 0x000001FCC4B7C710>
2026-07-25 23:22:36.103 | SUCCESS  | backend.main:startup:29 - CreatorLens AI started successfully.
2026-07-25 23:25:50.604 | INFO     | backend.src.services.URLValidateService:validate_url:8 - Validating URL: https://youtu.be/W0DM5lcj6mw?si=wcWVtquOIenSmkE5
2026-07-25 23:25:51.140 | INFO     | backend.src.services.URLValidateService:validate_url:17 - Extracting video information...: <yt_dlp.YoutubeDL.YoutubeDL object at 0x000001F87532D9D0>
2026-07-25 23:26:06.766 | INFO     | backend.src.services.URLValidateService:validate_url:36 - Video information extracted successfully: N/A
2026-07-25 23:28:04.190 | SUCCESS  | backend.main:startup:29 - CreatorLens AI started successfully.
2026-07-25 23:28:20.241 | SUCCESS  | backend.main:startup:29 - CreatorLens AI started successfully.
2026-07-25 23:28:49.189 | SUCCESS  | backend.main:startup:29 - CreatorLens AI started successfully.
2026-07-25 23:28:56.014 | SUCCESS  | backend.main:startup:29 - CreatorLens AI started successfully.
2026-07-25 23:28:56.066 | INFO     | backend.src.services.URLValidateService:validate_url:8 - Validating URL: https://youtu.be/W0DM5lcj6mw?si=wcWVtquOIenSmkE5
2026-07-25 23:28:56.446 | INFO     | backend.src.services.URLValidateService:validate_url:17 - Extracting video information...: <yt_dlp.YoutubeDL.YoutubeDL object at 0x000002935A358390>
2026-07-25 23:29:00.008 | INFO     | backend.src.services.URLValidateService:validate_url:36 - Video information extracted successfully: N/A
2026-07-25 23:29:00.135 | ERROR    | backend.src.services.URLValidateService:validate_url:54 - yt-dlp error: 1 validation error for VideoPreview
timestamp
  Input should be a valid string [type=string_type, input_value=1517494778, input_type=int]
    For further information visit https://errors.pydantic.dev/2.13/v/string_type
2026-07-25 23:29:48.696 | SUCCESS  | backend.main:startup:29 - CreatorLens AI started successfully.
2026-07-25 23:29:55.033 | SUCCESS  | backend.main:startup:29 - CreatorLens AI started successfully.
2026-07-25 23:30:01.436 | INFO     | backend.src.services.URLValidateService:validate_url:8 - Validating URL: https://youtu.be/W0DM5lcj6mw?si=wcWVtquOIenSmkE5
2026-07-25 23:30:02.196 | INFO     | backend.src.services.URLValidateService:validate_url:17 - Extracting video information...: <yt_dlp.YoutubeDL.YoutubeDL object at 0x00000278F97584D0>
2026-07-25 23:30:06.611 | INFO     | backend.src.services.URLValidateService:validate_url:36 - Video information extracted successfully: N/A
2026-07-26 00:17:14.089 | SUCCESS  | backend.main:startup:29 - CreatorLens AI started successfully.
2026-07-26 00:17:25.073 | SUCCESS  | backend.main:startup:29 - CreatorLens AI started successfully.
2026-07-26 00:17:42.387 | SUCCESS  | backend.main:startup:29 - CreatorLens AI started successfully.
2026-07-26 00:18:19.715 | SUCCESS  | backend.main:startup:29 - CreatorLens AI started successfully.
2026-07-26 00:18:28.361 | SUCCESS  | backend.main:startup:29 - CreatorLens AI started successfully.
2026-07-26 01:13:54.736 | SUCCESS  | backend.main:startup:29 - CreatorLens AI started successfully.
2026-07-26 01:14:05.330 | INFO     | backend.src.services.URLValidateService:validate_url:14 - Validating URL: http://google.com/
2026-07-26 01:14:08.464 | INFO     | backend.src.services.URLValidateService:validate_url:23 - Extracting video information...: <yt_dlp.YoutubeDL.YoutubeDL object at 0x000001FE53108750>
2026-07-26 01:14:21.955 | INFO     | backend.src.services.URLValidateService:validate_url:42 - Video information extracted successfully: N/A
2026-07-26 01:14:21.956 | ERROR    | backend.src.services.URLValidateService:validate_url:60 - yt-dlp error: 'id'
2026-07-26 01:15:33.840 | INFO     | backend.src.services.URLValidateService:validate_url:14 - Validating URL: http://google.com/
2026-07-26 01:15:34.434 | INFO     | backend.src.services.URLValidateService:validate_url:23 - Extracting video information...: <yt_dlp.YoutubeDL.YoutubeDL object at 0x000001FE535AC610>
2026-07-26 01:15:36.198 | INFO     | backend.src.services.URLValidateService:validate_url:42 - Video information extracted successfully: N/A
2026-07-26 01:15:36.200 | ERROR    | backend.src.services.URLValidateService:validate_url:60 - yt-dlp error: 'id'
2026-07-26 01:20:05.184 | INFO     | backend.src.services.URLValidateService:validate_url:14 - Validating URL: https://youtu.be/W0DM5lcj6mw?si=UnL-wK2zvnik28HI
2026-07-26 01:20:08.161 | INFO     | backend.src.services.URLValidateService:validate_url:23 - Extracting video information...: <yt_dlp.YoutubeDL.YoutubeDL object at 0x000001FE534D2810>
2026-07-26 01:20:15.393 | INFO     | backend.src.services.URLValidateService:validate_url:42 - Video information extracted successfully: N/A
2026-07-26 01:23:43.033 | INFO     | backend.src.services.URLValidateService:validate_url:14 - Validating URL: https://youtu.be/W0DM5lcj6mw?si=UnL-wK2zvnik28HI
2026-07-26 01:23:43.393 | INFO     | backend.src.services.URLValidateService:validate_url:23 - Extracting video information...: <yt_dlp.YoutubeDL.YoutubeDL object at 0x000001FE535D2CD0>
2026-07-26 01:23:46.855 | INFO     | backend.src.services.URLValidateService:validate_url:42 - Video information extracted successfully: N/A
2026-07-26 01:30:15.364 | INFO     | backend.src.services.URLValidateService:validate_url:14 - Validating URL: https://www.youtube.com/watch?v=W0DM5lcj6mw
2026-07-26 01:30:15.841 | INFO     | backend.src.services.URLValidateService:validate_url:23 - Extracting video information...: <yt_dlp.YoutubeDL.YoutubeDL object at 0x000001FE53583950>
2026-07-26 01:30:18.863 | INFO     | backend.src.services.URLValidateService:validate_url:42 - Video information extracted successfully: N/A
2026-07-26 01:32:12.763 | INFO     | backend.src.services.URLValidateService:validate_url:14 - Validating URL: https://www.youtube.com/watch?v=W0DM5lcj6mw
2026-07-26 01:32:13.177 | INFO     | backend.src.services.URLValidateService:validate_url:23 - Extracting video information...: <yt_dlp.YoutubeDL.YoutubeDL object at 0x000001FE53603F90>
2026-07-26 01:32:15.914 | INFO     | backend.src.services.URLValidateService:validate_url:42 - Video information extracted successfully: N/A
2026-07-26 02:03:34.666 | INFO     | backend.src.services.URLValidateService:validate_url:14 - Validating URL: http://google.com/
2026-07-26 02:03:39.778 | INFO     | backend.src.services.URLValidateService:validate_url:23 - Extracting video information...: <yt_dlp.YoutubeDL.YoutubeDL object at 0x000001FE534BDF50>
2026-07-26 02:03:42.230 | INFO     | backend.src.services.URLValidateService:validate_url:42 - Video information extracted successfully: N/A
2026-07-26 02:03:42.507 | ERROR    | backend.src.services.URLValidateService:validate_url:60 - yt-dlp error: 'id'
2026-07-26 02:08:15.373 | INFO     | backend.src.services.URLValidateService:validate_url:14 - Validating URL: http://google.com/
2026-07-26 02:08:17.314 | INFO     | backend.src.services.URLValidateService:validate_url:23 - Extracting video information...: <yt_dlp.YoutubeDL.YoutubeDL object at 0x000001FE534BF510>
2026-07-26 02:08:22.850 | INFO     | backend.src.services.URLValidateService:validate_url:42 - Video information extracted successfully: N/A
2026-07-26 02:08:22.871 | ERROR    | backend.src.services.URLValidateService:validate_url:60 - yt-dlp error: 'id'
2026-07-26 02:08:42.590 | INFO     | backend.src.services.URLValidateService:validate_url:14 - Validating URL: http://google.com/
2026-07-26 02:08:43.481 | INFO     | backend.src.services.URLValidateService:validate_url:23 - Extracting video information...: <yt_dlp.YoutubeDL.YoutubeDL object at 0x000001FE55209C50>
2026-07-26 02:08:47.143 | INFO     | backend.src.services.URLValidateService:validate_url:42 - Video information extracted successfully: N/A
2026-07-26 02:08:47.144 | ERROR    | backend.src.services.URLValidateService:validate_url:60 - yt-dlp error: 'id'
2026-07-26 02:12:39.251 | INFO     | backend.src.services.URLValidateService:validate_url:14 - Validating URL: http://google.com/
2026-07-26 02:12:40.914 | INFO     | backend.src.services.URLValidateService:validate_url:23 - Extracting video information...: <yt_dlp.YoutubeDL.YoutubeDL object at 0x000001FE534AFE50>
2026-07-26 02:12:45.224 | INFO     | backend.src.services.URLValidateService:validate_url:42 - Video information extracted successfully: N/A
2026-07-26 02:12:45.348 | ERROR    | backend.src.services.URLValidateService:validate_url:60 - yt-dlp error: 'id'
2026-07-26 02:17:24.866 | SUCCESS  | backend.main:startup:29 - CreatorLens AI started successfully.
2026-07-26 02:17:29.651 | SUCCESS  | backend.main:startup:29 - CreatorLens AI started successfully.
2026-07-26 02:21:10.341 | INFO     | backend.src.services.URLValidateService:validate_url:14 - Validating URL: http://google.com/
2026-07-26 02:21:26.581 | INFO     | backend.src.services.URLValidateService:validate_url:23 - Extracting video information...: <yt_dlp.YoutubeDL.YoutubeDL object at 0x000001411D65D210>
2026-07-26 02:21:43.316 | INFO     | backend.src.services.URLValidateService:validate_url:42 - Video information extracted successfully: N/A
2026-07-26 02:21:43.322 | ERROR    | backend.src.services.URLValidateService:validate_url:60 - yt-dlp error: 'id'
2026-07-26 02:22:03.489 | INFO     | backend.src.services.URLValidateService:validate_url:14 - Validating URL: http://google.com/
2026-07-26 02:22:05.350 | INFO     | backend.src.services.URLValidateService:validate_url:23 - Extracting video information...: <yt_dlp.YoutubeDL.YoutubeDL object at 0x000001411DB0CF10>
2026-07-26 02:22:08.444 | INFO     | backend.src.services.URLValidateService:validate_url:42 - Video information extracted successfully: N/A
2026-07-26 02:22:08.896 | ERROR    | backend.src.services.URLValidateService:validate_url:60 - yt-dlp error: 'id'
2026-07-26 02:25:56.888 | INFO     | backend.src.services.URLValidateService:validate_url:14 - Validating URL: http://google.com/
2026-07-26 02:25:57.668 | INFO     | backend.src.services.URLValidateService:validate_url:23 - Extracting video information...: <yt_dlp.YoutubeDL.YoutubeDL object at 0x000001411DA0C650>
2026-07-26 02:25:59.991 | INFO     | backend.src.services.URLValidateService:validate_url:42 - Video information extracted successfully: N/A
2026-07-26 02:25:59.993 | ERROR    | backend.src.services.URLValidateService:validate_url:60 - yt-dlp error: 'id'
2026-07-26 02:29:00.049 | INFO     | backend.src.services.URLValidateService:validate_url:14 - Validating URL: http://google.com/
2026-07-26 02:29:02.053 | INFO     | backend.src.services.URLValidateService:validate_url:23 - Extracting video information...: <yt_dlp.YoutubeDL.YoutubeDL object at 0x000001411DA1E050>
2026-07-26 02:29:06.562 | INFO     | backend.src.services.URLValidateService:validate_url:42 - Video information extracted successfully: N/A
2026-07-26 02:29:06.563 | ERROR    | backend.src.services.URLValidateService:validate_url:60 - yt-dlp error: 'id'
2026-07-26 02:29:40.690 | INFO     | backend.src.services.URLValidateService:validate_url:14 - Validating URL: http://google.com/
2026-07-26 02:29:42.930 | INFO     | backend.src.services.URLValidateService:validate_url:23 - Extracting video information...: <yt_dlp.YoutubeDL.YoutubeDL object at 0x000001411DB0C990>
2026-07-26 02:30:44.418 | ERROR    | backend.src.services.URLValidateService:validate_url:60 - yt-dlp error: [0;31mERROR:[0m [generic] google: Unable to download webpage: [WinError 10051] A socket operation was attempted to an unreachable network (caused by TransportError('[WinError 10051] A socket operation was attempted to an unreachable network'))
2026-07-26 02:31:17.061 | SUCCESS  | backend.main:startup:29 - CreatorLens AI started successfully.
2026-07-26 23:26:40.408 | SUCCESS  | backend.main:startup:29 - CreatorLens AI started successfully.
2026-07-26 23:27:11.310 | INFO     | backend.src.services.URLValidateService:validate_url:14 - Validating URL: http://google.com/
2026-07-26 23:27:12.020 | INFO     | backend.src.services.URLValidateService:validate_url:23 - Extracting video information...: <yt_dlp.YoutubeDL.YoutubeDL object at 0x00000201AF6EC890>
2026-07-26 23:27:17.406 | INFO     | backend.src.services.URLValidateService:validate_url:42 - Video information extracted successfully: N/A
2026-07-26 23:27:17.407 | ERROR    | backend.src.services.URLValidateService:validate_url:60 - yt-dlp error: 'id'
2026-07-27 00:30:41.521 | INFO     | backend.src.services.URLValidateService:validate_url:14 - Validating URL: http://google.com/
2026-07-27 00:30:43.695 | INFO     | backend.src.services.URLValidateService:validate_url:23 - Extracting video information...: <yt_dlp.YoutubeDL.YoutubeDL object at 0x00000201AFB8D6D0>
2026-07-27 00:30:51.672 | ERROR    | backend.src.services.URLValidateService:validate_url:60 - yt-dlp error: [0;31mERROR:[0m [generic] google: Unable to download webpage: [Errno 11001] getaddrinfo failed (caused by TransportError('[Errno 11001] getaddrinfo failed'))
2026-07-27 00:50:04.536 | INFO     | backend.src.services.URLValidateService:validate_url:14 - Validating URL: http://google.com/
2026-07-27 00:50:04.973 | INFO     | backend.src.services.URLValidateService:validate_url:23 - Extracting video information...: <yt_dlp.YoutubeDL.YoutubeDL object at 0x00000201AFA9A3D0>
2026-07-27 00:50:08.299 | INFO     | backend.src.services.URLValidateService:validate_url:42 - Video information extracted successfully: N/A
2026-07-27 00:50:08.302 | ERROR    | backend.src.services.URLValidateService:validate_url:60 - yt-dlp error: 'id'
2026-07-27 00:50:40.027 | INFO     | backend.src.services.URLValidateService:validate_url:14 - Validating URL: http://google.com/
2026-07-27 00:50:41.263 | INFO     | backend.src.services.URLValidateService:validate_url:23 - Extracting video information...: <yt_dlp.YoutubeDL.YoutubeDL object at 0x00000201AFA98ED0>
2026-07-27 00:50:46.536 | INFO     | backend.src.services.URLValidateService:validate_url:42 - Video information extracted successfully: N/A
2026-07-27 00:50:46.573 | ERROR    | backend.src.services.URLValidateService:validate_url:60 - yt-dlp error: 'id'
2026-07-27 00:53:10.096 | INFO     | backend.src.services.URLValidateService:validate_url:14 - Validating URL: http://google.com/
2026-07-27 00:53:10.573 | INFO     | backend.src.services.URLValidateService:validate_url:23 - Extracting video information...: <yt_dlp.YoutubeDL.YoutubeDL object at 0x00000201AFA92690>
2026-07-27 00:53:12.606 | INFO     | backend.src.services.URLValidateService:validate_url:42 - Video information extracted successfully: N/A
2026-07-27 00:53:12.621 | ERROR    | backend.src.services.URLValidateService:validate_url:60 - yt-dlp error: 'id'
2026-07-27 00:53:16.503 | INFO     | backend.src.services.URLValidateService:validate_url:14 - Validating URL: http://google.com/
2026-07-27 00:53:16.877 | INFO     | backend.src.services.URLValidateService:validate_url:23 - Extracting video information...: <yt_dlp.YoutubeDL.YoutubeDL object at 0x00000201AFA99890>
2026-07-27 00:53:19.038 | INFO     | backend.src.services.URLValidateService:validate_url:42 - Video information extracted successfully: N/A
2026-07-27 00:53:19.121 | ERROR    | backend.src.services.URLValidateService:validate_url:60 - yt-dlp error: 'id'
2026-07-27 00:53:33.530 | INFO     | backend.src.services.URLValidateService:validate_url:14 - Validating URL: http://google.com/
2026-07-27 00:53:33.870 | INFO     | backend.src.services.URLValidateService:validate_url:23 - Extracting video information...: <yt_dlp.YoutubeDL.YoutubeDL object at 0x00000201B0024A10>
2026-07-27 00:53:35.442 | INFO     | backend.src.services.URLValidateService:validate_url:42 - Video information extracted successfully: N/A
2026-07-27 00:53:35.444 | ERROR    | backend.src.services.URLValidateService:validate_url:60 - yt-dlp error: 'id'
2026-07-27 00:54:29.796 | INFO     | backend.src.services.URLValidateService:validate_url:14 - Validating URL: http://google.com/
2026-07-27 00:54:31.689 | INFO     | backend.src.services.URLValidateService:validate_url:23 - Extracting video information...: <yt_dlp.YoutubeDL.YoutubeDL object at 0x00000201AFA98F50>
2026-07-27 00:54:35.934 | INFO     | backend.src.services.URLValidateService:validate_url:42 - Video information extracted successfully: N/A
2026-07-27 00:54:35.974 | ERROR    | backend.src.services.URLValidateService:validate_url:60 - yt-dlp error: 'id'
2026-07-27 00:55:25.487 | INFO     | backend.src.services.URLValidateService:validate_url:14 - Validating URL: http://google.com/
2026-07-27 00:55:25.952 | INFO     | backend.src.services.URLValidateService:validate_url:23 - Extracting video information...: <yt_dlp.YoutubeDL.YoutubeDL object at 0x00000201B0024B10>
2026-07-27 00:55:27.631 | INFO     | backend.src.services.URLValidateService:validate_url:42 - Video information extracted successfully: N/A
2026-07-27 00:55:27.633 | ERROR    | backend.src.services.URLValidateService:validate_url:60 - yt-dlp error: 'id'
2026-07-27 00:55:30.605 | INFO     | backend.src.services.URLValidateService:validate_url:14 - Validating URL: http://google.com/
2026-07-27 00:55:30.941 | INFO     | backend.src.services.URLValidateService:validate_url:23 - Extracting video information...: <yt_dlp.YoutubeDL.YoutubeDL object at 0x00000201B107B950>
2026-07-27 00:55:33.741 | INFO     | backend.src.services.URLValidateService:validate_url:42 - Video information extracted successfully: N/A
2026-07-27 00:55:33.747 | ERROR    | backend.src.services.URLValidateService:validate_url:60 - yt-dlp error: 'id'
2026-07-27 00:55:58.535 | INFO     | backend.src.services.URLValidateService:validate_url:14 - Validating URL: http://google.com/
2026-07-27 00:55:58.895 | INFO     | backend.src.services.URLValidateService:validate_url:23 - Extracting video information...: <yt_dlp.YoutubeDL.YoutubeDL object at 0x00000201B004E890>
2026-07-27 00:56:01.634 | INFO     | backend.src.services.URLValidateService:validate_url:42 - Video information extracted successfully: N/A
2026-07-27 00:56:01.641 | ERROR    | backend.src.services.URLValidateService:validate_url:60 - yt-dlp error: 'id'
2026-07-27 00:56:10.664 | INFO     | backend.src.services.URLValidateService:validate_url:14 - Validating URL: http://google.com/
2026-07-27 00:56:11.134 | INFO     | backend.src.services.URLValidateService:validate_url:23 - Extracting video information...: <yt_dlp.YoutubeDL.YoutubeDL object at 0x00000201AFBA2050>
2026-07-27 00:56:14.932 | INFO     | backend.src.services.URLValidateService:validate_url:42 - Video information extracted successfully: N/A
2026-07-27 00:56:14.934 | ERROR    | backend.src.services.URLValidateService:validate_url:60 - yt-dlp error: 'id'
2026-07-27 01:06:43.582 | INFO     | backend.src.services.URLValidateService:validate_url:14 - Validating URL: https://youtu.be/XxDl4_-H0vc?si=YY-qwsaJQ80RkHfa
2026-07-27 01:06:45.637 | INFO     | backend.src.services.URLValidateService:validate_url:23 - Extracting video information...: <yt_dlp.YoutubeDL.YoutubeDL object at 0x00000201B0041DD0>
2026-07-27 01:07:46.929 | INFO     | backend.src.services.URLValidateService:validate_url:42 - Video information extracted successfully: N/A
2026-07-27 01:09:14.232 | INFO     | backend.src.services.URLValidateService:validate_url:14 - Validating URL: https://youtu.be/XxDl4_-H0vc?si=YY-qwsaJQ80RkHfa
2026-07-27 01:09:15.256 | INFO     | backend.src.services.URLValidateService:validate_url:23 - Extracting video information...: <yt_dlp.YoutubeDL.YoutubeDL object at 0x00000201AFB99510>
2026-07-27 01:09:25.900 | INFO     | backend.src.services.URLValidateService:validate_url:42 - Video information extracted successfully: N/A
2026-07-27 01:33:05.996 | INFO     | backend.src.services.URLValidateService:validate_url:14 - Validating URL: https://youtu.be/0JwJUn_eYOo?si=yRyfzOZMYW79OQVH
2026-07-27 01:33:08.121 | INFO     | backend.src.services.URLValidateService:validate_url:23 - Extracting video information...: <yt_dlp.YoutubeDL.YoutubeDL object at 0x00000201AFAB1510>
2026-07-27 01:33:15.102 | INFO     | backend.src.services.URLValidateService:validate_url:42 - Video information extracted successfully: N/A
2026-07-27 01:34:26.254 | INFO     | backend.src.services.URLValidateService:validate_url:14 - Validating URL: https://youtu.be/0JwJUn_eYOo?si=yRyfzOZMYW79OQVH
2026-07-27 01:34:27.757 | INFO     | backend.src.services.URLValidateService:validate_url:23 - Extracting video information...: <yt_dlp.YoutubeDL.YoutubeDL object at 0x00000201AFA93ED0>
2026-07-27 01:34:37.171 | INFO     | backend.src.services.URLValidateService:validate_url:42 - Video information extracted successfully: N/A
2026-07-27 01:40:29.678 | INFO     | backend.src.services.URLValidateService:validate_url:14 - Validating URL: https://youtu.be/0JwJUn_eYOo?si=ddoD3ZgxTGCkPWem
2026-07-27 01:40:38.973 | INFO     | backend.src.services.URLValidateService:validate_url:23 - Extracting video information...: <yt_dlp.YoutubeDL.YoutubeDL object at 0x00000201AFB99510>
2026-07-27 01:40:47.738 | INFO     | backend.src.services.URLValidateService:validate_url:42 - Video information extracted successfully: N/A
2026-07-27 02:01:35.376 | INFO     | backend.src.services.URLValidateService:validate_url:14 - Validating URL: https://youtu.be/0JwJUn_eYOo?si=y7wSn-ehWY8REaLy
2026-07-27 02:01:40.109 | INFO     | backend.src.services.URLValidateService:validate_url:23 - Extracting video information...: <yt_dlp.YoutubeDL.YoutubeDL object at 0x00000201AFA98350>
2026-07-27 02:01:57.263 | INFO     | backend.src.services.URLValidateService:validate_url:42 - Video information extracted successfully: N/A
2026-07-27 02:04:03.323 | INFO     | backend.src.services.URLValidateService:validate_url:14 - Validating URL: https://youtu.be/0JwJUn_eYOo?si=y7wSn-ehWY8REaLy
2026-07-27 02:04:06.490 | INFO     | backend.src.services.URLValidateService:validate_url:23 - Extracting video information...: <yt_dlp.YoutubeDL.YoutubeDL object at 0x00000201AFA90910>
2026-07-27 02:04:15.860 | INFO     | backend.src.services.URLValidateService:validate_url:42 - Video information extracted successfully: N/A
